

> @omnitoast/core@0.1.6 build /Users/macbook/devs/ModalToast/packages/core
> tsup src/index.ts --format cjs,esm --dts --clean

[34mCLI[39m Building entry: src/index.ts
[34mCLI[39m Using tsconfig: tsconfig.json
[34mCLI[39m tsup v8.5.1
[34mCLI[39m Target: es2020
[34mCLI[39m Cleaning output folder
[34mCJS[39m Build start
[34mESM[39m Build start

[43m[30m WARN [39m[49m [33m▲ [43;33m[[43;30mWARNING[43;33m][0m [1mThe condition "types" here will never be used as it comes after both "import" and "require"[0m [package.json]                                                   [90m9:58:28 AM[39m

    package.json:15:6:
[37m      15 │       [32m"types"[37m: "./dist/index.d.ts"
         ╵       [32m~~~~~~~[0m

  The "import" condition comes earlier and will be used for all "import" statements:

    package.json:13:6:
[37m      13 │       [32m"import"[37m: "./dist/index.mjs",
         ╵       [32m~~~~~~~~[0m

  The "require" condition comes earlier and will be used for all "require" calls:

    package.json:14:6:
[37m      14 │       [32m"require"[37m: "./dist/index.js",
         ╵       [32m~~~~~~~~~[0m




[43m[30m WARN [39m[49m [33m▲ [43;33m[[43;30mWARNING[43;33m][0m [1mThe condition "types" here will never be used as it comes after both "import" and "require"[0m [package.json]                                                   [90m9:58:28 AM[39m

    package.json:15:6:
[37m      15 │       [32m"types"[37m: "./dist/index.d.ts"
         ╵       [32m~~~~~~~[0m

  The "import" condition comes earlier and will be used for all "import" statements:

    package.json:13:6:
[37m      13 │       [32m"import"[37m: "./dist/index.mjs",
         ╵       [32m~~~~~~~~[0m

  The "require" condition comes earlier and will be used for all "require" calls:

    package.json:14:6:
[37m      14 │       [32m"require"[37m: "./dist/index.js",
         ╵       [32m~~~~~~~~~[0m



[32mESM[39m [1mdist/index.mjs [22m[32m4.25 KB[39m
[32mESM[39m ⚡️ Build success in 246ms
[32mCJS[39m [1mdist/index.js [22m[32m5.54 KB[39m
[32mCJS[39m ⚡️ Build success in 246ms
DTS Build start
DTS ⚡️ Build success in 737ms
DTS dist/index.d.ts  9.79 KB
DTS dist/index.d.mts 9.79 KB
