
> @omnitoast/native@0.1.7 build /Users/macbook/devs/ModalToast/packages/native
> tsup src/index.ts --format cjs,esm --dts --clean --external react --external react-native --external react-native-svg

CLI Building entry: src/index.ts
CLI Using tsconfig: tsconfig.json
CLI tsup v8.5.1
CLI Target: es2020
CLI Cleaning output folder
CJS Build start
ESM Build start

 WARN  [33m▲ [43;33m[[43;30mWARNING[43;33m][0m [1mThe condition "types" here will never be used as it comes after both "import" and "require"[0m [package.json]

    package.json:18:6:
[37m      18 │       [32m"types"[37m: "./dist/index.d.ts"
         ╵       [32m~~~~~~~[0m

  The "import" condition comes earlier and will be used for all "import" statements:

    package.json:16:6:
[37m      16 │       [32m"import"[37m: "./dist/index.mjs",
         ╵       [32m~~~~~~~~[0m

  The "require" condition comes earlier and will be used for all "require" calls:

    package.json:17:6:
[37m      17 │       [32m"require"[37m: "./dist/index.js",
         ╵       [32m~~~~~~~~~[0m




 WARN  [33m▲ [43;33m[[43;30mWARNING[43;33m][0m [1mThe condition "types" here will never be used as it comes after both "import" and "require"[0m [package.json]

    package.json:18:6:
[37m      18 │       [32m"types"[37m: "./dist/index.d.ts"
         ╵       [32m~~~~~~~[0m

  The "import" condition comes earlier and will be used for all "import" statements:

    package.json:16:6:
[37m      16 │       [32m"import"[37m: "./dist/index.mjs",
         ╵       [32m~~~~~~~~[0m

  The "require" condition comes earlier and will be used for all "require" calls:

    package.json:17:6:
[37m      17 │       [32m"require"[37m: "./dist/index.js",
         ╵       [32m~~~~~~~~~[0m



CJS dist/index.js 21.42 KB
CJS ⚡️ Build success in 63ms
ESM dist/index.mjs 17.30 KB
ESM ⚡️ Build success in 67ms
DTS Build start
DTS ⚡️ Build success in 785ms
DTS dist/index.d.ts  1.56 KB
DTS dist/index.d.mts 1.56 KB
